// Jest Snapshot v1, https://goo.gl/fbAQLP

exports[`renders everything properly 1`] = `
<div
  className="chat-container"
>
  <div
    className="chat-window"
  >
    <div
      className="chat-window__name"
    >
      <p
        className="chat-window__title"
      >
        Chat
      </p>
      <p
        className="chat-window__title chat-window__title--small"
      >
        To JS Master
      </p>
    </div>
    <div
      className="chat-window__switch"
    >
      <button
        className="chat-window__button"
        onClick={[Function]}
      >
        <span
          className="chat-window__button-text"
        >
          John Smith
        </span>
      </button>
      <button
        className="chat-window__button"
        onClick={[Function]}
      >
        <span
          className="chat-window__button-text"
        >
          John Doe
        </span>
      </button>
    </div>
    <p
      className="chat-window__description"
    >
      Choose your account and start a conversation
    </p>
  </div>
</div>
`;

exports[`renders standart app structure 1`] = `
<div
  className="chat-container"
>
  <div
    className="chat-window"
  >
    <div
      className="chat-window__name"
    >
      <p
        className="chat-window__title"
      >
        Chat
      </p>
      <p
        className="chat-window__title chat-window__title--small"
      >
        To JS Master
      </p>
    </div>
    <div
      className="chat-window__switch"
    >
      <button
        className="chat-window__button"
        onClick={[Function]}
      >
        <span
          className="chat-window__button-text"
        >
          John Smith
        </span>
      </button>
      <button
        className="chat-window__button"
        onClick={[Function]}
      >
        <span
          className="chat-window__button-text"
        >
          John Doe
        </span>
      </button>
    </div>
    <p
      className="chat-window__description"
    >
      Choose your account and start a conversation
    </p>
  </div>
</div>
`;
